src/components/home/shell/ShellContent/MainContent/content/spaces/components/portal-tabs/ChannelsTab.tsx(575,124): error TS2322: Type '{ size: number; style: { color: string; marginLeft: number; }; title: string; }' is not assignable to type 'IntrinsicAttributes & Omit<LucideProps, "ref"> & RefAttributes<SVGSVGElement>'.
  Property 'title' does not exist on type 'IntrinsicAttributes & Omit<LucideProps, "ref"> & RefAttributes<SVGSVGElement>'.
