src/components/home/shell/ShellContent/MainContent/content/spaces/components/AdminPortal.tsx(49,8): error TS2300: Duplicate identifier 'DialogContent'.
src/components/home/shell/ShellContent/MainContent/content/spaces/components/AdminPortal.tsx(50,8): error TS2300: Duplicate identifier 'DialogContent'.
